{"pandoc-api-version": [1, 23, 1], "meta": {}, "blocks": [{"t": "OrderedList", "c": [[1, {"t": "DefaultStyle"}, {"t": "DefaultDelim"}], [[{"t": "Para", "c": [{"t": "Str", "c": "The"}, {"t": "Space"}, {"t": "Str", "c": "climate"}, {"t": "Underline", "c": [{"t": "Space"}]}, {"t": "Underline", "c": [{"t": "Str", "c": "intensive"}]}]}, {"t": "BulletList", "c": [[{"t": "Para", "c": [{"t": "Str", "c": "Precipitation"}, {"t": "Underline", "c": [{"t": "Space"}]}, {"t": "Underline", "c": [{"t": "Str", "c": "important"}]}]}], [{"t": "Para", "c": [{"t": "Str", "c": "Temperature"}, {"t": "Underline", "c": [{"t": "Space"}]}, {"t": "Underline", "c": [{"t": "Str", "c": "scales"}]}]}, {"t": "OrderedList", "c": [[1, {"t": "DefaultStyle"}, {"t": "DefaultDelim"}], [[{"t": "Para", "c": [{"t": "Str", "c": "degree"}]}, {"t": "BulletList", "c": [[{"t": "Para", "c": [{"t": "Str", "c": "hot"}]}], [{"t": "Para", "c": [{"t": "Str", "c": "cold"}]}], [{"t": "Para", "c": [{"t": "Str", "c": "warm"}]}], [{"t": "Para", "c": [{"t": "Underline", "c": [{"t": "Str", "c": "really"}]}, {"t": "Underline", "c": [{"t": "Space"}]}, {"t": "Underline", "c": [{"t": "Str", "c": "hot"}]}]}]]}], [{"t": "Para", "c": [{"t": "Str", "c": "sun"}]}], [{"t": "Para", "c": [{"t": "Underline", "c": [{"t": "Str", "c": "cloud"}]}]}], [{"t": "Para", "c": [{"t": "Underline", "c": [{"t": "Str", "c": "wind"}]}]}]]]}]]}], [{"t": "Para", "c": [{"t": "Str", "c": "The"}, {"t": "Space"}, {"t": "Str", "c": "geology"}]}], [{"t": "Para", "c": [{"t": "Underline", "c": [{"t": "Str", "c": "something"}]}, {"t": "Underline", "c": [{"t": "Space"}]}, {"t": "Underline", "c": [{"t": "Str", "c": "new"}]}]}]]]}]}