{"pandoc-api-version": [1, 23, 1], "meta": {}, "blocks": [{"t": "OrderedList", "c": [[1, {"t": "DefaultStyle"}, {"t": "DefaultDelim"}], [[{"t": "Para", "c": [{"t": "Str", "c": "The"}, {"t": "Space"}, {"t": "Str", "c": "climate"}]}, {"t": "BulletList", "c": [[{"t": "Para", "c": [{"t": "Str", "c": "Precipitation"}]}], [{"t": "Para", "c": [{"t": "Str", "c": "Temperature"}, {"t": "Underline", "c": [{"t": "Space"}]}, {"t": "Underline", "c": [{"t": "Str", "c": "factors"}]}]}, {"t": "OrderedList", "c": [[1, {"t": "DefaultStyle"}, {"t": "DefaultDelim"}], [[{"t": "Para", "c": [{"t": "Str", "c": "degree"}]}, {"t": "BulletList", "c": [[{"t": "Para", "c": [{"t": "Str", "c": "hot"}]}], [{"t": "Para", "c": [{"t": "Str", "c": "cold"}]}], [{"t": "Para", "c": [{"t": "Strikeout", "c": [{"t": "Str", "c": "warm"}]}]}]]}], [{"t": "Para", "c": [{"t": "Strikeout", "c": [{"t": "Str", "c": "sun"}]}]}]]]}]]}], [{"t": "Para", "c": [{"t": "Strikeout", "c": [{"t": "Str", "c": "The"}]}, {"t": "Underline", "c": [{"t": "Str", "c": "Something"}]}, {"t": "Space"}, {"t": "Strikeout", "c": [{"t": "Str", "c": "geology"}]}, {"t": "Underline", "c": [{"t": "Str", "c": "new"}]}]}], [{"t": "Para", "c": [{"t": "Underline", "c": [{"t": "Str", "c": "Monkey"}]}]}]]]}]}